## Python importers per removed package
flask_admin          0 importers
graphene             ./web/server/graphql/filters.py ./web/server/graphql/schema.py 
graphene_sqlalchemy  ./web/server/graphql/filters.py 
flask_graphql        ./web/server/routes/graphql_api.py 
graphql              ./web/server/graphql/filters.py 
dask                 0 importers
google               0 importers
segment              0 importers
analytics            0 importers
paramiko             0 importers
nacl                 0 importers
pyasn1               0 importers
fuzzywuzzy           0 importers
jellyfish            0 importers
editdistance         0 importers
Levenshtein          0 importers
fabric               0 importers
cryptography         0 importers

## Textual mentions (all file types, minus yarn.lock and flow-typed stubs)
./.gitignore:216:#Dask
./.gitignore:217:dask-worker-space/
./web/server/graphql/filters.py:3:import graphene
./web/server/graphql/filters.py:6:from graphene_sqlalchemy import SQLAlchemyConnectionField
./web/server/graphql/filters.py:7:from graphene.types import Scalar
./web/server/graphql/filters.py:90:            where=graphene.Argument(WhereField),
./web/server/graphql/filters.py:91:            page=graphene.Int(),
./web/server/graphql/filters.py:92:            per_page=graphene.Int(),
./web/server/graphql/schema.py:1:import graphene
./web/server/graphql/schema.py:3:schema = graphene.Schema()
./web/server/routes/graphql_api.py:2:from flask_graphql import GraphQLView
