## Python imports of removed packages (import names)
flask_admin          0
graphene             3
    ./web/server/graphql/filters.py:3:import graphene
    ./web/server/graphql/filters.py:7:from graphene.types import Scalar
    ./web/server/graphql/schema.py:1:import graphene
graphene_sqlalchemy  1
    ./web/server/graphql/filters.py:6:from graphene_sqlalchemy import SQLAlchemyConnectionField
flask_graphql        1
    ./web/server/routes/graphql_api.py:2:from flask_graphql import GraphQLView
dask                 0
google               0
segment              0
analytics            0
paramiko             0
nacl                 0
pyasn1               0
cryptography         0
fuzzywuzzy           0
jellyfish            0
editdistance         0
Levenshtein          0
fabric               0
## Any textual mention outside requirements*.txt and mypy.ini
./.gitignore:216:#Dask
./.gitignore:217:dask-worker-space/
./yarn.lock:5525:damerau-levenshtein@^1.0.6:
./yarn.lock:5527:  resolved "https://registry.yarnpkg.com/damerau-levenshtein/-/damerau-levenshtein-1.0.6.tgz#143c1641cb3d85c60c32329e26899adea8701791"
./yarn.lock:6326:    damerau-levenshtein "^1.0.6"
./yarn.lock:6797:fast-levenshtein@^2.0.6, fast-levenshtein@~2.0.6:
./yarn.lock:6799:  resolved "https://registry.yarnpkg.com/fast-levenshtein/-/fast-levenshtein-2.0.6.tgz#3d8a5c66883a16a30ca8643e851f19baa7797917"
./yarn.lock:6802:fastest-levenshtein@^1.0.12, fastest-levenshtein@^1.0.9:
./yarn.lock:6804:  resolved "https://registry.yarnpkg.com/fastest-levenshtein/-/fastest-levenshtein-1.0.12.tgz#9990f7d3a88cc5a9ffd1f1745745251700d497e2"
./yarn.lock:10558:    fast-levenshtein "~2.0.6"
./yarn.lock:10570:    fast-levenshtein "^2.0.6"
./yarn.lock:11734:    fastest-levenshtein "^1.0.9"
./yarn.lock:13421:    fastest-levenshtein "^1.0.12"
./util/dataprep/utils.py:72:    necessary to specify Google Cloud Storage, otherwise the default deployment cloud storage
./util/dataprep/utils.py:98:    '''Migrate the files with the provided file names from cloud storage to Google Cloud
./web/server/graphql/filters.py:3:import graphene
./web/server/graphql/filters.py:6:from graphene_sqlalchemy import SQLAlchemyConnectionField
./web/server/graphql/filters.py:7:from graphene.types import Scalar
./web/server/graphql/filters.py:90:            where=graphene.Argument(WhereField),
./web/server/graphql/filters.py:91:            page=graphene.Int(),
./web/server/graphql/filters.py:92:            per_page=graphene.Int(),
./web/server/graphql/schema.py:1:import graphene
./web/server/graphql/schema.py:3:schema = graphene.Schema()
./web/server/routes/graphql_api.py:2:from flask_graphql import GraphQLView
./web/public/js/vendor/flow-typed/npm/stylelint_vx.x.x.js:1257:declare module 'stylelint/lib/utils/levenshteinDistance' {
./web/public/js/vendor/flow-typed/npm/stylelint_vx.x.x.js:3382:declare module 'stylelint/lib/utils/levenshteinDistance.js' {
./web/public/js/vendor/flow-typed/npm/stylelint_vx.x.x.js:3383:  declare module.exports: $Exports<'stylelint/lib/utils/levenshteinDistance'>;
## /graphql route module and web/server/graphql package
./web/server/app.py:61:    from web.server.routes.graphql_api import GraphqlPageRouter
./web/server/app.py:83:    graphql_api_router = GraphqlPageRouter()
./web/server/app.py:94:    app.register_blueprint(graphql_api_router.generate_blueprint())
./web/server/routes/graphql_api.py:4:from web.server.graphql.schema import schema
./web/server/routes/graphql_api.py:8:class ZenGraphQLView(GraphQLView):
./web/server/routes/graphql_api.py:16:class GraphqlPageRouter:
./web/server/routes/graphql_api.py:22:            view_func=ZenGraphQLView.as_view(
## /api/timeout callers
./web/server/routes/api.py:131:    def timeout_user_session(self):
./web/server/routes/api.py:405:            '/api/timeout',
./web/server/routes/api.py:406:            'timeout_session',
./web/server/routes/api.py:407:            self.timeout_user_session,
## Hadoop task templates / on_prem.json / legacy builder
./db/druid/indexing/scripts/run_indexing.py:4:# ZEN_ENV='something' ./run_indexing.py \
./db/druid/indexing/scripts/run_indexing.py:19:from db.druid.indexing.legacy_task_builder import DruidIndexingTaskBuilder
./db/druid/indexing/scripts/run_indexing.py:44:) -> DruidIndexingTaskBuilder:
./db/druid/indexing/scripts/run_indexing.py:60:    return DruidIndexingTaskBuilder(
./db/druid/indexing/legacy_task_builder.py:18:    'db/druid/indexing/resources/task_templates/index_hadoop.json.tmpl'
./db/druid/indexing/legacy_task_builder.py:22:    'db/druid/indexing/resources/tuning_configs/on_prem.json'
./db/druid/indexing/legacy_task_builder.py:63:class DruidIndexingTaskBuilder:
## zen_environment consumers
web/client/util/graphql/index.jsx:3:import zenEnvironment from 'util/graphql/zen_environment';
web/client/util/graphql/index.jsx:19:  zenEnvironment,
